openjdk version "21.0.9" 2025-10-21
OpenJDK Runtime Environment (build 21.0.9+10-Ubuntu-124.04)
OpenJDK 64-Bit Server VM (build 21.0.9+10-Ubuntu-124.04, mixed mode)
INFO  Using log config file: jar:file:/opt/ghidra_12.1.2_PUBLIC/Ghidra/Framework/Generic/lib/Generic.jar!/generic.log4j.xml (LoggingInitialization)  
INFO  Using log file: /root/.config/ghidra/ghidra_12.1.2_PUBLIC/application.log (LoggingInitialization)  
INFO  Loading user preferences: /root/.config/ghidra/ghidra_12.1.2_PUBLIC/preferences (Preferences)  
INFO  Searching for classes... (ClassSearcher)  
INFO  Class search complete (682 ms) (ClassSearcher)  
INFO  Initializing SSL Context (DefaultSSLContextInitializer)  
INFO  Initializing Random Number Generator... (SecureRandomFactory)  
INFO  Random Number Generator initialization complete: NativePRNGNonBlocking (SecureRandomFactory)  
INFO  Trust manager disabled, cacerts have not been set (DefaultTrustManagerFactory)  
INFO  Headless startup complete (1838 ms) (AnalyzeHeadless)  
INFO  Class searcher loaded 59 extension points (20 false positives) (ClassSearcher)  
INFO  HEADLESS Script Paths:
    /opt/ghidra_12.1.2_PUBLIC/Ghidra/Processors/DATA/ghidra_scripts
    /opt/ghidra_12.1.2_PUBLIC/Ghidra/Features/VersionTracking/ghidra_scripts
    /opt/ghidra_12.1.2_PUBLIC/Ghidra/Processors/Atmel/ghidra_scripts
    /opt/ghidra_12.1.2_PUBLIC/Ghidra/Features/MicrosoftCodeAnalyzer/ghidra_scripts
    /opt/ghidra_12.1.2_PUBLIC/Ghidra/Features/SwiftDemangler/ghidra_scripts
    /opt/ghidra_12.1.2_PUBLIC/Ghidra/Features/BSim/ghidra_scripts
    /opt/ghidra_12.1.2_PUBLIC/Ghidra/Features/WildcardAssembler/ghidra_scripts
    /opt/ghidra_12.1.2_PUBLIC/Ghidra/Processors/PIC/ghidra_scripts
    /opt/ghidra_12.1.2_PUBLIC/Ghidra/Debug/Debugger/ghidra_scripts
    /opt/ghidra_12.1.2_PUBLIC/Ghidra/Features/PyGhidra/ghidra_scripts
    /opt/ghidra_12.1.2_PUBLIC/Ghidra/Features/SystemEmulation/ghidra_scripts
    /opt/ghidra_12.1.2_PUBLIC/Ghidra/Processors/8051/ghidra_scripts
    /opt/ghidra_12.1.2_PUBLIC/Ghidra/Debug/Debugger-rmi-trace/ghidra_scripts
    /opt/ghidra_12.1.2_PUBLIC/Ghidra/Features/DecompilerDependent/ghidra_scripts
    /opt/ghidra_12.1.2_PUBLIC/Ghidra/Features/GnuDemangler/ghidra_scripts
    /opt/ghidra_12.1.2_PUBLIC/Ghidra/Features/FileFormats/ghidra_scripts
    /opt/ghidra_12.1.2_PUBLIC/Ghidra/Features/FunctionID/ghidra_scripts
    /opt/ghidra_12.1.2_PUBLIC/Ghidra/Processors/JVM/ghidra_scripts
    /opt/ghidra_12.1.2_PUBLIC/Ghidra/Features/Decompiler/ghidra_scripts
    /opt/ghidra_12.1.2_PUBLIC/Ghidra/Features/PDB/ghidra_scripts
    /opt/ghidra_12.1.2_PUBLIC/Ghidra/Features/BytePatterns/ghidra_scripts
    /opt/ghidra_12.1.2_PUBLIC/Ghidra/Features/Base/ghidra_scripts (HeadlessAnalyzer)  
INFO  HEADLESS: execution starts (HeadlessAnalyzer)  
INFO  Creating project: /opt/lab/adaptix-linux-static/ghidra/adaptix-linux (HeadlessAnalyzer)  
INFO  Creating project: /opt/lab/adaptix-linux-static/ghidra/adaptix-linux (DefaultProject)  
INFO  REPORT: Processing input files:  (HeadlessAnalyzer)  
INFO       project: /opt/lab/adaptix-linux-static/ghidra/adaptix-linux (HeadlessAnalyzer)  
INFO  IMPORTING: file:///opt/lab/adaptix-linux-static/agent.bin (HeadlessAnalyzer)  
INFO  Using Loader: Executable and Linking Format (ELF) (ProgramLoader)  
INFO  Using Language/Compiler: x86:LE:64:default:golang (ProgramLoader)  
INFO  Using Library Search Path: [., /bin, /lib, /lib64, /lib/x86_64-linux-gnu, /lib/aarch64-linux-gnu, /usr/bin, /usr/lib, /usr/X11R6/bin, /usr/X11R6/lib, /usr/java/packages/lib, /usr/lib/x86_64-linux-gnu/jni, /usr/lib/x86_64-linux-gnu, /usr/lib/jni] (ProgramLoader)  
INFO  Additional info:
Loading file:///opt/lab/adaptix-linux-static/agent.bin?MD5=5566a1deececd9d6debead1ab68c0ed8...
------------------------------------------------

 (ProgramLoader)  
INFO  IMPORTING: Loaded 0 additional files (HeadlessAnalyzer)  
INFO  ANALYZING all memory and code: file:///opt/lab/adaptix-linux-static/agent.bin (HeadlessAnalyzer)  
INFO  DWARF external debug information found: ExternalDebugInfo [filename=null, crc=0, hash=6dac567a67f533567511eb211e1b09dfea77c49e, objectType=DEBUGINFO, extra=null] (ExternalDebugFileSectionProvider)  
INFO  Unable to find DWARF information, skipping DWARF analysis (DWARFAnalyzer)  
INFO  Reading Go binary info: agent.bin (GoRttiMapper)  
ERROR Untested Go version [1.26.4] (GoRttiMapper)  
WARN  Missing Go bootstrap type info, unable to extract Go RTTI info. (GoRttiMapper)  
ERROR Go symbol analyzer error: unable to get GoRttiMapper (GolangSymbolAnalyzer)  
ERROR Invalid PNG data at 006167ba (PngDataType)  
ERROR Invalid PNG data at 0079d69d (PngDataType)  
INFO  Reading Go binary info: agent.bin (GoRttiMapper)  
ERROR Untested Go version [1.26.4] (GoRttiMapper)  
WARN  Missing Go bootstrap type info, unable to extract Go RTTI info. (GoRttiMapper)  
ERROR Go string analyzer error: unable to get GoRttiMapper (GolangStringAnalyzer)  
INFO  -----------------------------------------------------
    ASCII Strings                              0.604 secs
    Call Convention ID                         0.006 secs
    Call-Fixup Installer                       0.017 secs
    Create Address Tables                      0.211 secs
    Create Address Tables - One Time           1.450 secs
    Create Function                            0.767 secs
    DWARF                                      0.007 secs
    Data Reference                             0.617 secs
    Decompiler Switch Analysis                11.993 secs
    Demangler GNU                              0.007 secs
    Disassemble Entry Points                   1.340 secs
    ELF Scalar Operand References              1.744 secs
    Embedded Media                             0.073 secs
    External Entry References                  0.000 secs
    Function ID                                0.452 secs
    Golang Strings                             0.003 secs
    Golang Symbols                             0.010 secs
    Non-Returning Functions - Discovered       2.789 secs
    Non-Returning Functions - Known            0.000 secs
    Reference                                  1.189 secs
    Stack                                      7.978 secs
    Subroutine References                      3.693 secs
    Subroutine References - One Time           0.007 secs
    x86 Constant Reference Analyzer            7.758 secs
-----------------------------------------------------
     Total Time   42 secs
-----------------------------------------------------
 (AutoAnalysisManager)  
INFO  REPORT: Analysis succeeded for file: file:///opt/lab/adaptix-linux-static/agent.bin (HeadlessAnalyzer)  
INFO  /agent.bin: file created (root) (LocalFileSystem)  
INFO  REPORT: Save succeeded for: /agent.bin (adaptix-linux:/agent.bin) (HeadlessAnalyzer)  
INFO  REPORT: Import succeeded (HeadlessAnalyzer)  
